#
# There is insufficient memory for the Java Runtime Environment to continue.
# Native memory allocation (malloc) failed to allocate 1048576 bytes. Error detail: AllocateHeap
# Possible reasons:
#   The system is out of physical RAM or swap space
#   This process is running with CompressedOops enabled, and the Java Heap may be blocking the growth of the native heap
# Possible solutions:
#   Reduce memory load on the system
#   Increase physical memory or swap space
#   Check if swap backing store is full
#   Decrease Java heap size (-Xmx/-Xms)
#   Decrease number of Java threads
#   Decrease Java thread stack sizes (-Xss)
#   Set larger code cache with -XX:ReservedCodeCacheSize=
#   JVM is running with Unscaled Compressed Oops mode in which the Java heap is
#     placed in the first 4GB address space. The Java Heap base address is the
#     maximum limit for the native heap growth. Please use -XX:HeapBaseMinAddress
#     to set the Java Heap base and to place the Java Heap above 4GB virtual address.
# This output file may be truncated or incomplete.
#
#  Out of Memory Error (allocation.cpp:44), pid=24896, tid=22536
#
# JRE version: OpenJDK Runtime Environment Temurin-21.0.11+10 (21.0.11+10) (build 21.0.11+10-LTS)
# Java VM: OpenJDK 64-Bit Server VM Temurin-21.0.11+10 (21.0.11+10-LTS, mixed mode, sharing, tiered, compressed oops, compressed class ptrs, parallel gc, windows-amd64)
# No core dump will be written. Minidumps are not enabled by default on client versions of Windows
#

---------------  S U M M A R Y ------------

Command Line: --add-modules=ALL-SYSTEM --add-opens=java.base/java.util=ALL-UNNAMED --add-opens=java.base/java.lang=ALL-UNNAMED --add-opens=java.base/sun.nio.fs=ALL-UNNAMED -Declipse.application=org.eclipse.jdt.ls.core.id1 -Dosgi.bundles.defaultStartLevel=4 -Declipse.product=org.eclipse.jdt.ls.core.product -Djava.import.generatesMetadataFilesAtProjectRoot=false -DDetectVMInstallationsJob.disabled=true -Dfile.encoding=utf8 -XX:+UseParallelGC -XX:GCTimeRatio=4 -XX:AdaptiveSizePolicyWeight=90 -Dsun.zip.disableMemoryMapping=true -Xmx2G -Xms100m -Xlog:disable -javaagent:c:\Users\panja\.antigravity-ide\extensions\redhat.java-1.55.0-win32-x64\lombok\lombok-1.18.39-4050.jar -XX:+HeapDumpOnOutOfMemoryError -XX:HeapDumpPath=c:\Users\panja\AppData\Roaming\Antigravity IDE\User\workspaceStorage\b9d4f3adf3b7efe9c361975d2cd6e2d4\redhat.java -Daether.dependencyCollector.impl=bf c:\Users\panja\.antigravity-ide\extensions\redhat.java-1.55.0-win32-x64\server\plugins\org.eclipse.equinox.launcher_1.7.200.v20260619-2039.jar -configuration c:\Users\panja\AppData\Roaming\Antigravity IDE\User\globalStorage\redhat.java\1.55.0\config_win -data c:\Users\panja\AppData\Roaming\Antigravity IDE\User\workspaceStorage\b9d4f3adf3b7efe9c361975d2cd6e2d4\redhat.java\jdt_ws --pipe=\\.\pipe\lsp-73c7690364f03f2843c62c54ef439fbc-sock

Host: 13th Gen Intel(R) Core(TM) i5-13420H, 12 cores, 15G,  Windows 11 , 64 bit Build 26100 (10.0.26100.9168)
Time: Thu Aug 20 22:42:56 2026 India Standard Time elapsed time: 23264.962642 seconds (0d 6h 27m 44s)

---------------  T H R E A D  ---------------

Current thread (0x000001e6329b97b0):  JavaThread "Attach Listener" daemon [_thread_in_vm, id=22536, stack(0x000000a05b000000,0x000000a05b100000) (1024K)]

Stack: [0x000000a05b000000,0x000000a05b100000]
Native frames: (J=compiled Java code, j=interpreted, Vv=VM code, C=native code)
V  [jvm.dll+0x6d7e19]
V  [jvm.dll+0x8b5096]
V  [jvm.dll+0x8b764e]
V  [jvm.dll+0x8b7d33]
V  [jvm.dll+0x284596]
V  [jvm.dll+0xc13c7]
V  [jvm.dll+0x6d86c9]
V  [jvm.dll+0x133616]
V  [jvm.dll+0x3f868e]
V  [jvm.dll+0x85fb0d]
V  [jvm.dll+0x6d664d]
C  [ucrtbase.dll+0x2cd30]
C  [KERNEL32.DLL+0x2ccb7]
C  [ntdll.dll+0xaad6c]


---------------  P R O C E S S  ---------------

Threads class SMR info:
_java_thread_list=0x000001e69ad79700, length=38, elements={
0x000001e63290ec90, 0x000001e6329b0f60, 0x000001e6329b1c80, 0x000001e6329b87b0,
0x000001e6329b97b0, 0x000001e6329bd590, 0x000001e6329cdfd0, 0x000001e68b7b28e0,
0x000001e68b7b3170, 0x000001e68b9d5d40, 0x000001e68b9d63d0, 0x000001e68b9d56b0,
0x000001e68b9d70f0, 0x000001e68b9d6a60, 0x000001e68b9d8b30, 0x000001e68b9d7780,
0x000001e68b9d7e10, 0x000001e68b9d84a0, 0x000001e691a9c3a0, 0x000001e691a9f190,
0x000001e691a9feb0, 0x000001e691a9d0c0, 0x000001e691aa0bd0, 0x000001e691a9d750,
0x000001e691aa1260, 0x000001e691aa18f0, 0x000001e691aa1f80, 0x000001e691aa2610,
0x000001e691aa2ca0, 0x000001e691aa3330, 0x000001e691aa39c0, 0x000001e693f93f70,
0x000001e693f93250, 0x000001e693f938e0, 0x000001e693f97a80, 0x000001e693f94600,
0x000001e69b46ddd0, 0x000001e693b684b0
}

Java Threads: ( => current thread )
  0x000001e63290ec90 JavaThread "main"                              [_thread_blocked, id=1784, stack(0x000000a05a900000,0x000000a05aa00000) (1024K)]
  0x000001e6329b0f60 JavaThread "Reference Handler"          daemon [_thread_blocked, id=4664, stack(0x000000a05ad00000,0x000000a05ae00000) (1024K)]
  0x000001e6329b1c80 JavaThread "Finalizer"                  daemon [_thread_blocked, id=28600, stack(0x000000a05ae00000,0x000000a05af00000) (1024K)]
  0x000001e6329b87b0 JavaThread "Signal Dispatcher"          daemon [_thread_blocked, id=15852, stack(0x000000a05af00000,0x000000a05b000000) (1024K)]
=>0x000001e6329b97b0 JavaThread "Attach Listener"            daemon [_thread_in_vm, id=22536, stack(0x000000a05b000000,0x000000a05b100000) (1024K)]
  0x000001e6329bd590 JavaThread "Service Thread"             daemon [_thread_blocked, id=27800, stack(0x000000a05b100000,0x000000a05b200000) (1024K)]
  0x000001e6329cdfd0 JavaThread "Monitor Deflation Thread"   daemon [_thread_blocked, id=2712, stack(0x000000a05b200000,0x000000a05b300000) (1024K)]
  0x000001e68b7b28e0 JavaThread "C2 CompilerThread0"         daemon [_thread_blocked, id=28404, stack(0x000000a05b300000,0x000000a05b400000) (1024K)]
  0x000001e68b7b3170 JavaThread "C1 CompilerThread0"         daemon [_thread_blocked, id=7844, stack(0x000000a05b400000,0x000000a05b500000) (1024K)]
  0x000001e68b9d5d40 JavaThread "Common-Cleaner"             daemon [_thread_blocked, id=27604, stack(0x000000a05b600000,0x000000a05b700000) (1024K)]
  0x000001e68b9d63d0 JavaThread "Notification Thread"        daemon [_thread_blocked, id=22788, stack(0x000000a05b500000,0x000000a05b600000) (1024K)]
  0x000001e68b9d56b0 JavaThread "Active Thread: Equinox Container: ca14b6c4-9f59-4209-ae38-9fc74defb348"        [_thread_blocked, id=5344, stack(0x000000a05b700000,0x000000a05b800000) (1024K)]
  0x000001e68b9d70f0 JavaThread "Refresh Thread: Equinox Container: ca14b6c4-9f59-4209-ae38-9fc74defb348" daemon [_thread_blocked, id=7464, stack(0x000000a05bf00000,0x000000a05c000000) (1024K)]
  0x000001e68b9d6a60 JavaThread "Framework Event Dispatcher: Equinox Container: ca14b6c4-9f59-4209-ae38-9fc74defb348" daemon [_thread_blocked, id=15408, stack(0x000000a05c000000,0x000000a05c100000) (1024K)]
  0x000001e68b9d8b30 JavaThread "Start Level: Equinox Container: ca14b6c4-9f59-4209-ae38-9fc74defb348" daemon [_thread_blocked, id=14408, stack(0x000000a05c100000,0x000000a05c200000) (1024K)]
  0x000001e68b9d7780 JavaThread "Bundle File Closer"         daemon [_thread_blocked, id=19684, stack(0x000000a05c200000,0x000000a05c300000) (1024K)]
  0x000001e68b9d7e10 JavaThread "SCR Component Actor"        daemon [_thread_blocked, id=11116, stack(0x000000a05a800000,0x000000a05a900000) (1024K)]
  0x000001e68b9d84a0 JavaThread "Worker-JM"                         [_thread_blocked, id=22976, stack(0x000000a05c300000,0x000000a05c400000) (1024K)]
  0x000001e691a9c3a0 JavaThread "JNA Cleaner"                daemon [_thread_blocked, id=4424, stack(0x000000a05c500000,0x000000a05c600000) (1024K)]
  0x000001e691a9f190 JavaThread "Java indexing"              daemon [_thread_blocked, id=11916, stack(0x000000a05cb00000,0x000000a05cc00000) (1024K)]
  0x000001e691a9feb0 JavaThread "Thread-1"                   daemon [_thread_in_native, id=26380, stack(0x000000a05d200000,0x000000a05d300000) (1024K)]
  0x000001e691a9d0c0 JavaThread "Thread-2"                   daemon [_thread_in_native, id=20708, stack(0x000000a05d300000,0x000000a05d400000) (1024K)]
  0x000001e691aa0bd0 JavaThread "Thread-3"                   daemon [_thread_in_native, id=18512, stack(0x000000a05d400000,0x000000a05d500000) (1024K)]
  0x000001e691a9d750 JavaThread "Thread-4"                   daemon [_thread_in_native, id=11516, stack(0x000000a05d500000,0x000000a05d600000) (1024K)]
  0x000001e691aa1260 JavaThread "Thread-5"                   daemon [_thread_in_native, id=26060, stack(0x000000a05d600000,0x000000a05d700000) (1024K)]
  0x000001e691aa18f0 JavaThread "Thread-6"                   daemon [_thread_in_native, id=16452, stack(0x000000a05d700000,0x000000a05d800000) (1024K)]
  0x000001e691aa1f80 JavaThread "Thread-7"                   daemon [_thread_in_native, id=14420, stack(0x000000a05d800000,0x000000a05d900000) (1024K)]
  0x000001e691aa2610 JavaThread "Thread-8"                   daemon [_thread_in_native, id=15448, stack(0x000000a05d900000,0x000000a05da00000) (1024K)]
  0x000001e691aa2ca0 JavaThread "Thread-9"                   daemon [_thread_in_native, id=14728, stack(0x000000a05da00000,0x000000a05db00000) (1024K)]
  0x000001e691aa3330 JavaThread "Thread-10"                  daemon [_thread_in_native, id=26636, stack(0x000000a05db00000,0x000000a05dc00000) (1024K)]
  0x000001e691aa39c0 JavaThread "Thread-11"                  daemon [_thread_in_native, id=17072, stack(0x000000a05dc00000,0x000000a05dd00000) (1024K)]
  0x000001e693f93f70 JavaThread "Thread-12"                  daemon [_thread_in_native, id=25016, stack(0x000000a05dd00000,0x000000a05de00000) (1024K)]
  0x000001e693f93250 JavaThread "Thread-13"                  daemon [_thread_in_native, id=15120, stack(0x000000a05de00000,0x000000a05df00000) (1024K)]
  0x000001e693f938e0 JavaThread "pool-2-thread-1"                   [_thread_blocked, id=21096, stack(0x000000a05df00000,0x000000a05e000000) (1024K)]
  0x000001e693f97a80 JavaThread "WorkspaceEventsHandler"            [_thread_blocked, id=22524, stack(0x000000a05e000000,0x000000a05e100000) (1024K)]
  0x000001e693f94600 JavaThread "pool-1-thread-1"                   [_thread_blocked, id=20228, stack(0x000000a05e100000,0x000000a05e200000) (1024K)]
  0x000001e69b46ddd0 JavaThread "Worker-11"                         [_thread_blocked, id=20144, stack(0x000000a05c600000,0x000000a05c700000) (1024K)]
  0x000001e693b684b0 JavaThread "Worker-15"                         [_thread_blocked, id=22372, stack(0x000000a05e200000,0x000000a05e300000) (1024K)]
Total: 38

Other Threads:
  0x000001e68b7914a0 VMThread "VM Thread"                           [id=20976, stack(0x000000a05ac00000,0x000000a05ad00000) (1024K)]
  0x000001e64929ca00 WatcherThread "VM Periodic Task Thread"        [id=20464, stack(0x000000a05ab00000,0x000000a05ac00000) (1024K)]
  0x000001e63292d460 WorkerThread "GC Thread#0"                     [id=25920, stack(0x000000a05aa00000,0x000000a05ab00000) (1024K)]
  0x000001e68cd0da00 WorkerThread "GC Thread#1"                     [id=4256, stack(0x000000a05b900000,0x000000a05ba00000) (1024K)]
  0x000001e68cd0ddb0 WorkerThread "GC Thread#2"                     [id=7388, stack(0x000000a05ba00000,0x000000a05bb00000) (1024K)]
  0x000001e68cd0e160 WorkerThread "GC Thread#3"                     [id=10080, stack(0x000000a05bb00000,0x000000a05bc00000) (1024K)]
  0x000001e68cd54d00 WorkerThread "GC Thread#4"                     [id=10108, stack(0x000000a05bc00000,0x000000a05bd00000) (1024K)]
  0x000001e68cd550b0 WorkerThread "GC Thread#5"                     [id=26732, stack(0x000000a05bd00000,0x000000a05be00000) (1024K)]
  0x000001e68cd55460 WorkerThread "GC Thread#6"                     [id=17444, stack(0x000000a05be00000,0x000000a05bf00000) (1024K)]
  0x000001e68b8378e0 WorkerThread "GC Thread#7"                     [id=15128, stack(0x000000a05b800000,0x000000a05b900000) (1024K)]
  0x000001e68baa72b0 WorkerThread "GC Thread#8"                     [id=8372, stack(0x000000a05a600000,0x000000a05a700000) (1024K)]
  0x000001e68cc9e3b0 WorkerThread "GC Thread#9"                     [id=1820, stack(0x000000a05a700000,0x000000a05a800000) (1024K)]
Total: 12

Threads with active compile tasks:
Total: 0

VM state: not at safepoint (normal execution)

VM Mutex/Monitor currently owned by a thread: None

Heap address: 0x0000000080000000, size: 2048 MB, Compressed Oops mode: 32-bit

CDS archive(s) mapped at: [0x000001e64a000000-0x000001e64aba0000-0x000001e64aba0000), size 12189696, SharedBaseAddress: 0x000001e64a000000, ArchiveRelocationMode: 1.
Compressed class space mapped at: 0x000001e64b000000-0x000001e68b000000, reserved size: 1073741824
Narrow klass base: 0x000001e64a000000, Narrow klass shift: 0, Narrow klass range: 0x100000000

GC Precious Log:
 CardTable entry size: 512
 CPUs: 12 total, 12 available
 Memory: 16024M
 Large Page Support: Disabled
 NUMA Support: Disabled
 Compressed Oops: Enabled (32-bit)
 Alignments: Space 512K, Generation 512K, Heap 2M
 Heap Min Capacity: 100M
 Heap Initial Capacity: 100M
 Heap Max Capacity: 2G
 Pre-touch: Disabled
 Parallel Workers: 10

Heap:
 PSYoungGen      total 6656K, used 1452K [0x00000000d5580000, 0x00000000d5d80000, 0x0000000100000000)
  eden space 6144K, 19% used [0x00000000d5580000,0x00000000d56b32f0,0x00000000d5b80000)
  from space 512K, 43% used [0x00000000d5c80000,0x00000000d5cb8000,0x00000000d5d00000)
  to   space 512K, 0% used [0x00000000d5d00000,0x00000000d5d00000,0x00000000d5d80000)
 ParOldGen       total 1284096K, used 1283603K [0x0000000080000000, 0x00000000ce600000, 0x00000000d5580000)
  object space 1284096K, 99% used [0x0000000080000000,0x00000000ce584f50,0x00000000ce600000)
 Metaspace       used 81433K, committed 83008K, reserved 1179648K
  class space    used 8044K, committed 8768K, reserved 1048576K

Card table byte_map: [0x000001e6322c0000,0x000001e6326d0000] _byte_map_base: 0x000001e631ec0000

Marking Bits: (ParMarkBitMap*) 0x00007ffc7ec34460
 Begin Bits: [0x000001e644dc0000, 0x000001e646dc0000)
 End Bits:   [0x000001e646dc0000, 0x000001e648dc0000)

Polling page: 0x000001e6305a0000

Metaspace:

Usage:
  Non-class:     71.67 MB used.
      Class:      7.86 MB used.
       Both:     79.53 MB used.

Virtual space:
  Non-class space:      128.00 MB reserved,      72.50 MB ( 57%) committed,  2 nodes.
      Class space:        1.00 GB reserved,       8.56 MB ( <1%) committed,  1 nodes.
             Both:        1.12 GB reserved,      81.06 MB (  7%) committed. 

Chunk freelists:
   Non-Class:  7.45 MB
       Class:  7.36 MB
        Both:  14.81 MB

MaxMetaspaceSize: unlimited
CompressedClassSpaceSize: 1.00 GB
Initial GC threshold: 21.00 MB
Current GC threshold: 131.50 MB
CDS: on
 - commit_granule_bytes: 65536.
 - commit_granule_words: 8192.
 - virtual_space_node_default_size: 8388608.
 - enlarge_chunks_in_place: 1.
 - use_allocation_guard: 0.


Internal statistics:

num_allocs_failed_limit: 13.
num_arena_births: 1712.
num_arena_deaths: 398.
num_vsnodes_births: 3.
num_vsnodes_deaths: 0.
num_space_committed: 1302.
num_space_uncommitted: 4.
num_chunks_returned_to_freelist: 555.
num_chunks_taken_from_freelist: 5974.
num_chunk_merges: 146.
num_chunk_splits: 3329.
num_chunks_enlarged: 1762.
num_inconsistent_stats: 0.

CodeHeap 'non-profiled nmethods': size=120000Kb used=26615Kb max_used=26615Kb free=93384Kb
 bounds [0x000001e63d5e0000, 0x000001e63efe0000, 0x000001e644b10000]
CodeHeap 'profiled nmethods': size=120000Kb used=50415Kb max_used=50415Kb free=69584Kb
 bounds [0x000001e635b10000, 0x000001e638c60000, 0x000001e63d040000]
CodeHeap 'non-nmethods': size=5760Kb used=1494Kb max_used=1652Kb free=4265Kb
 bounds [0x000001e63d040000, 0x000001e63d2b0000, 0x000001e63d5e0000]
CodeCache: size=245760Kb, used=78524Kb, max_used=78682Kb, free=167233Kb
 total_blobs=21105, nmethods=20300, adapters=709, full_count=0
Compilation: enabled, stopped_count=0, restarted_count=0

Compilation events (20 events):
Event: 16463.001 Thread 0x000001e68b7b28e0 24356       4       java.util.Arrays::fill (28 bytes)
Event: 16463.005 Thread 0x000001e68b7b28e0 nmethod 24356 0x000001e63efd9010 code [0x000001e63efd91a0, 0x000001e63efd9428]
Event: 16463.005 Thread 0x000001e68b7b28e0 24350       4       org.eclipse.jdt.internal.core.JavaModelManager$VariablesAndContainersSaveHelper::saveNewId (40 bytes)
Event: 16463.034 Thread 0x000001e68b7b28e0 nmethod 24350 0x000001e63efd9610 code [0x000001e63efd9980, 0x000001e63efdb038]
Event: 16561.180 Thread 0x000001e68b7b3170 24360       3       jdk.internal.misc.TerminatingThreadLocal::_threadTerminated (9 bytes)
Event: 16561.182 Thread 0x000001e68b7b3170 nmethod 24360 0x000001e638c58510 code [0x000001e638c586e0, 0x000001e638c58ab0]
Event: 16562.710 Thread 0x000001e68b7b3170 24361       3       sun.nio.fs.NativeBuffer$Deallocator::run (11 bytes)
Event: 16562.711 Thread 0x000001e68b7b3170 nmethod 24361 0x000001e638c58c10 code [0x000001e638c58de0, 0x000001e638c59100]
Event: 16562.757 Thread 0x000001e68b7b3170 24362       3       sun.nio.fs.NativeBuffer::free (10 bytes)
Event: 16562.758 Thread 0x000001e68b7b3170 nmethod 24362 0x000001e638c59290 code [0x000001e638c59480, 0x000001e638c59880]
Event: 16563.457 Thread 0x000001e68b7b3170 24363       3       sun.nio.ch.Util::free (13 bytes)
Event: 16563.457 Thread 0x000001e68b7b3170 nmethod 24363 0x000001e638c59a10 code [0x000001e638c59be0, 0x000001e638c59ed8]
Event: 17666.715 Thread 0x000001e68b7b28e0 24364       4       java.util.concurrent.locks.AbstractQueuedSynchronizer::acquire (20 bytes)
Event: 17666.719 Thread 0x000001e68b7b28e0 nmethod 24364 0x000001e63efdc390 code [0x000001e63efdc520, 0x000001e63efdc680]
Event: 17986.956 Thread 0x000001e68b7b28e0 24365   !   4       java.util.concurrent.locks.AbstractQueuedSynchronizer$ConditionObject::newConditionNode (78 bytes)
Event: 17986.967 Thread 0x000001e68b7b28e0 nmethod 24365 0x000001e63efdc790 code [0x000001e63efdc980, 0x000001e63efdcd10]
Event: 18026.985 Thread 0x000001e68b7b28e0 24366   !   4       java.util.concurrent.locks.AbstractQueuedSynchronizer::reacquire (64 bytes)
Event: 18026.991 Thread 0x000001e68b7b28e0 nmethod 24366 0x000001e63efdd010 code [0x000001e63efdd1c0, 0x000001e63efdd3b0]
Event: 18683.971 Thread 0x000001e68b7b28e0 24367       4       java.util.concurrent.locks.AbstractQueuedSynchronizer$ConditionObject::enableWait (84 bytes)
Event: 18683.981 Thread 0x000001e68b7b28e0 nmethod 24367 0x000001e63efdd510 code [0x000001e63efdd6e0, 0x000001e63efdd9e8]

GC Heap History (20 events):
Event: 14644.216 GC heap before
{Heap before GC invocations=3399 (full 5):
 PSYoungGen      total 7168K, used 6793K [0x00000000d5580000, 0x00000000d5e80000, 0x0000000100000000)
  eden space 6144K, 99% used [0x00000000d5580000,0x00000000d5b7a4d0,0x00000000d5b80000)
  from space 1024K, 65% used [0x00000000d5c80000,0x00000000d5d28000,0x00000000d5d80000)
  to   space 1024K, 0% used [0x00000000d5d80000,0x00000000d5d80000,0x00000000d5e80000)
 ParOldGen       total 1282048K, used 1281573K [0x0000000080000000, 0x00000000ce400000, 0x00000000d5580000)
  object space 1282048K, 99% used [0x0000000080000000,0x00000000ce3896d8,0x00000000ce400000)
 Metaspace       used 80990K, committed 82560K, reserved 1179648K
  class space    used 7997K, committed 8704K, reserved 1048576K
}
Event: 14644.220 GC heap after
{Heap after GC invocations=3399 (full 5):
 PSYoungGen      total 6656K, used 320K [0x00000000d5580000, 0x00000000d5e00000, 0x0000000100000000)
  eden space 6144K, 0% used [0x00000000d5580000,0x00000000d5580000,0x00000000d5b80000)
  from space 512K, 62% used [0x00000000d5d80000,0x00000000d5dd0000,0x00000000d5e00000)
  to   space 512K, 0% used [0x00000000d5d00000,0x00000000d5d00000,0x00000000d5d80000)
 ParOldGen       total 1282560K, used 1282125K [0x0000000080000000, 0x00000000ce480000, 0x00000000d5580000)
  object space 1282560K, 99% used [0x0000000080000000,0x00000000ce4136d8,0x00000000ce480000)
 Metaspace       used 80990K, committed 82560K, reserved 1179648K
  class space    used 7997K, committed 8704K, reserved 1048576K
}
Event: 14644.309 GC heap before
{Heap before GC invocations=3400 (full 5):
 PSYoungGen      total 6656K, used 6392K [0x00000000d5580000, 0x00000000d5e00000, 0x0000000100000000)
  eden space 6144K, 98% used [0x00000000d5580000,0x00000000d5b6e3f0,0x00000000d5b80000)
  from space 512K, 62% used [0x00000000d5d80000,0x00000000d5dd0000,0x00000000d5e00000)
  to   space 512K, 0% used [0x00000000d5d00000,0x00000000d5d00000,0x00000000d5d80000)
 ParOldGen       total 1282560K, used 1282125K [0x0000000080000000, 0x00000000ce480000, 0x00000000d5580000)
  object space 1282560K, 99% used [0x0000000080000000,0x00000000ce4136d8,0x00000000ce480000)
 Metaspace       used 80990K, committed 82560K, reserved 1179648K
  class space    used 7997K, committed 8704K, reserved 1048576K
}
Event: 14644.312 GC heap after
{Heap after GC invocations=3400 (full 5):
 PSYoungGen      total 6656K, used 256K [0x00000000d5580000, 0x00000000d5e00000, 0x0000000100000000)
  eden space 6144K, 0% used [0x00000000d5580000,0x00000000d5580000,0x00000000d5b80000)
  from space 512K, 50% used [0x00000000d5d00000,0x00000000d5d40000,0x00000000d5d80000)
  to   space 512K, 0% used [0x00000000d5d80000,0x00000000d5d80000,0x00000000d5e00000)
 ParOldGen       total 1282560K, used 1282189K [0x0000000080000000, 0x00000000ce480000, 0x00000000d5580000)
  object space 1282560K, 99% used [0x0000000080000000,0x00000000ce4236d8,0x00000000ce480000)
 Metaspace       used 80990K, committed 82560K, reserved 1179648K
  class space    used 7997K, committed 8704K, reserved 1048576K
}
Event: 14644.827 GC heap before
{Heap before GC invocations=3401 (full 5):
 PSYoungGen      total 6656K, used 6400K [0x00000000d5580000, 0x00000000d5e00000, 0x0000000100000000)
  eden space 6144K, 100% used [0x00000000d5580000,0x00000000d5b80000,0x00000000d5b80000)
  from space 512K, 50% used [0x00000000d5d00000,0x00000000d5d40000,0x00000000d5d80000)
  to   space 512K, 0% used [0x00000000d5d80000,0x00000000d5d80000,0x00000000d5e00000)
 ParOldGen       total 1282560K, used 1282189K [0x0000000080000000, 0x00000000ce480000, 0x00000000d5580000)
  object space 1282560K, 99% used [0x0000000080000000,0x00000000ce4236d8,0x00000000ce480000)
 Metaspace       used 80991K, committed 82560K, reserved 1179648K
  class space    used 7997K, committed 8704K, reserved 1048576K
}
Event: 14644.831 GC heap after
{Heap after GC invocations=3401 (full 5):
 PSYoungGen      total 6656K, used 512K [0x00000000d5580000, 0x00000000d5e00000, 0x0000000100000000)
  eden space 6144K, 0% used [0x00000000d5580000,0x00000000d5580000,0x00000000d5b80000)
  from space 512K, 100% used [0x00000000d5d80000,0x00000000d5e00000,0x00000000d5e00000)
  to   space 1024K, 0% used [0x00000000d5c00000,0x00000000d5c00000,0x00000000d5d00000)
 ParOldGen       total 1282560K, used 1282253K [0x0000000080000000, 0x00000000ce480000, 0x00000000d5580000)
  object space 1282560K, 99% used [0x0000000080000000,0x00000000ce4336d8,0x00000000ce480000)
 Metaspace       used 80991K, committed 82560K, reserved 1179648K
  class space    used 7997K, committed 8704K, reserved 1048576K
}
Event: 14645.024 GC heap before
{Heap before GC invocations=3402 (full 5):
 PSYoungGen      total 6656K, used 6656K [0x00000000d5580000, 0x00000000d5e00000, 0x0000000100000000)
  eden space 6144K, 100% used [0x00000000d5580000,0x00000000d5b80000,0x00000000d5b80000)
  from space 512K, 100% used [0x00000000d5d80000,0x00000000d5e00000,0x00000000d5e00000)
  to   space 1024K, 0% used [0x00000000d5c00000,0x00000000d5c00000,0x00000000d5d00000)
 ParOldGen       total 1282560K, used 1282253K [0x0000000080000000, 0x00000000ce480000, 0x00000000d5580000)
  object space 1282560K, 99% used [0x0000000080000000,0x00000000ce4336d8,0x00000000ce480000)
 Metaspace       used 80994K, committed 82560K, reserved 1179648K
  class space    used 7998K, committed 8704K, reserved 1048576K
}
Event: 14645.028 GC heap after
{Heap after GC invocations=3402 (full 5):
 PSYoungGen      total 7168K, used 544K [0x00000000d5580000, 0x00000000d5e00000, 0x0000000100000000)
  eden space 6144K, 0% used [0x00000000d5580000,0x00000000d5580000,0x00000000d5b80000)
  from space 1024K, 53% used [0x00000000d5c00000,0x00000000d5c88000,0x00000000d5d00000)
  to   space 1024K, 0% used [0x00000000d5d00000,0x00000000d5d00000,0x00000000d5e00000)
 ParOldGen       total 1282560K, used 1282533K [0x0000000080000000, 0x00000000ce480000, 0x00000000d5580000)
  object space 1282560K, 99% used [0x0000000080000000,0x00000000ce4796d8,0x00000000ce480000)
 Metaspace       used 80994K, committed 82560K, reserved 1179648K
  class space    used 7998K, committed 8704K, reserved 1048576K
}
Event: 14645.234 GC heap before
{Heap before GC invocations=3403 (full 5):
 PSYoungGen      total 7168K, used 6688K [0x00000000d5580000, 0x00000000d5e00000, 0x0000000100000000)
  eden space 6144K, 100% used [0x00000000d5580000,0x00000000d5b80000,0x00000000d5b80000)
  from space 1024K, 53% used [0x00000000d5c00000,0x00000000d5c88000,0x00000000d5d00000)
  to   space 1024K, 0% used [0x00000000d5d00000,0x00000000d5d00000,0x00000000d5e00000)
 ParOldGen       total 1282560K, used 1282533K [0x0000000080000000, 0x00000000ce480000, 0x00000000d5580000)
  object space 1282560K, 99% used [0x0000000080000000,0x00000000ce4796d8,0x00000000ce480000)
 Metaspace       used 81396K, committed 83008K, reserved 1179648K
  class space    used 8042K, committed 8768K, reserved 1048576K
}
Event: 14645.239 GC heap after
{Heap after GC invocations=3403 (full 5):
 PSYoungGen      total 6656K, used 512K [0x00000000d5580000, 0x00000000d5d80000, 0x0000000100000000)
  eden space 6144K, 0% used [0x00000000d5580000,0x00000000d5580000,0x00000000d5b80000)
  from space 512K, 100% used [0x00000000d5d00000,0x00000000d5d80000,0x00000000d5d80000)
  to   space 1024K, 0% used [0x00000000d5b80000,0x00000000d5b80000,0x00000000d5c80000)
 ParOldGen       total 1283072K, used 1282933K [0x0000000080000000, 0x00000000ce500000, 0x00000000d5580000)
  object space 1283072K, 99% used [0x0000000080000000,0x00000000ce4dd6d8,0x00000000ce500000)
 Metaspace       used 81396K, committed 83008K, reserved 1179648K
  class space    used 8042K, committed 8768K, reserved 1048576K
}
Event: 14670.854 GC heap before
{Heap before GC invocations=3404 (full 5):
 PSYoungGen      total 6656K, used 6656K [0x00000000d5580000, 0x00000000d5d80000, 0x0000000100000000)
  eden space 6144K, 100% used [0x00000000d5580000,0x00000000d5b80000,0x00000000d5b80000)
  from space 512K, 100% used [0x00000000d5d00000,0x00000000d5d80000,0x00000000d5d80000)
  to   space 1024K, 0% used [0x00000000d5b80000,0x00000000d5b80000,0x00000000d5c80000)
 ParOldGen       total 1283072K, used 1282933K [0x0000000080000000, 0x00000000ce500000, 0x00000000d5580000)
  object space 1283072K, 99% used [0x0000000080000000,0x00000000ce4dd6d8,0x00000000ce500000)
 Metaspace       used 81396K, committed 83008K, reserved 1179648K
  class space    used 8042K, committed 8768K, reserved 1048576K
}
Event: 14670.861 GC heap after
{Heap after GC invocations=3404 (full 5):
 PSYoungGen      total 7168K, used 448K [0x00000000d5580000, 0x00000000d5d80000, 0x0000000100000000)
  eden space 6144K, 0% used [0x00000000d5580000,0x00000000d5580000,0x00000000d5b80000)
  from space 1024K, 43% used [0x00000000d5b80000,0x00000000d5bf0000,0x00000000d5c80000)
  to   space 512K, 0% used [0x00000000d5d00000,0x00000000d5d00000,0x00000000d5d80000)
 ParOldGen       total 1283584K, used 1283187K [0x0000000080000000, 0x00000000ce580000, 0x00000000d5580000)
  object space 1283584K, 99% used [0x0000000080000000,0x00000000ce51cf40,0x00000000ce580000)
 Metaspace       used 81396K, committed 83008K, reserved 1179648K
  class space    used 8042K, committed 8768K, reserved 1048576K
}
Event: 14675.901 GC heap before
{Heap before GC invocations=3405 (full 5):
 PSYoungGen      total 7168K, used 6592K [0x00000000d5580000, 0x00000000d5d80000, 0x0000000100000000)
  eden space 6144K, 100% used [0x00000000d5580000,0x00000000d5b80000,0x00000000d5b80000)
  from space 1024K, 43% used [0x00000000d5b80000,0x00000000d5bf0000,0x00000000d5c80000)
  to   space 512K, 0% used [0x00000000d5d00000,0x00000000d5d00000,0x00000000d5d80000)
 ParOldGen       total 1283584K, used 1283187K [0x0000000080000000, 0x00000000ce580000, 0x00000000d5580000)
  object space 1283584K, 99% used [0x0000000080000000,0x00000000ce51cf40,0x00000000ce580000)
 Metaspace       used 81405K, committed 83008K, reserved 1179648K
  class space    used 8044K, committed 8768K, reserved 1048576K
}
Event: 14675.908 GC heap after
{Heap after GC invocations=3405 (full 5):
 PSYoungGen      total 6656K, used 224K [0x00000000d5580000, 0x00000000d5d80000, 0x0000000100000000)
  eden space 6144K, 0% used [0x00000000d5580000,0x00000000d5580000,0x00000000d5b80000)
  from space 512K, 43% used [0x00000000d5d00000,0x00000000d5d38000,0x00000000d5d80000)
  to   space 512K, 0% used [0x00000000d5c80000,0x00000000d5c80000,0x00000000d5d00000)
 ParOldGen       total 1283584K, used 1283459K [0x0000000080000000, 0x00000000ce580000, 0x00000000d5580000)
  object space 1283584K, 99% used [0x0000000080000000,0x00000000ce560f50,0x00000000ce580000)
 Metaspace       used 81405K, committed 83008K, reserved 1179648K
  class space    used 8044K, committed 8768K, reserved 1048576K
}
Event: 14761.702 GC heap before
{Heap before GC invocations=3406 (full 5):
 PSYoungGen      total 6656K, used 6368K [0x00000000d5580000, 0x00000000d5d80000, 0x0000000100000000)
  eden space 6144K, 100% used [0x00000000d5580000,0x00000000d5b80000,0x00000000d5b80000)
  from space 512K, 43% used [0x00000000d5d00000,0x00000000d5d38000,0x00000000d5d80000)
  to   space 512K, 0% used [0x00000000d5c80000,0x00000000d5c80000,0x00000000d5d00000)
 ParOldGen       total 1283584K, used 1283459K [0x0000000080000000, 0x00000000ce580000, 0x00000000d5580000)
  object space 1283584K, 99% used [0x0000000080000000,0x00000000ce560f50,0x00000000ce580000)
 Metaspace       used 81407K, committed 83008K, reserved 1179648K
  class space    used 8044K, committed 8768K, reserved 1048576K
}
Event: 14761.709 GC heap after
{Heap after GC invocations=3406 (full 5):
 PSYoungGen      total 6656K, used 192K [0x00000000d5580000, 0x00000000d5d80000, 0x0000000100000000)
  eden space 6144K, 0% used [0x00000000d5580000,0x00000000d5580000,0x00000000d5b80000)
  from space 512K, 37% used [0x00000000d5c80000,0x00000000d5cb0000,0x00000000d5d00000)
  to   space 512K, 0% used [0x00000000d5d00000,0x00000000d5d00000,0x00000000d5d80000)
 ParOldGen       total 1283584K, used 1283507K [0x0000000080000000, 0x00000000ce580000, 0x00000000d5580000)
  object space 1283584K, 99% used [0x0000000080000000,0x00000000ce56cf50,0x00000000ce580000)
 Metaspace       used 81407K, committed 83008K, reserved 1179648K
  class space    used 8044K, committed 8768K, reserved 1048576K
}
Event: 14794.807 GC heap before
{Heap before GC invocations=3407 (full 5):
 PSYoungGen      total 6656K, used 6335K [0x00000000d5580000, 0x00000000d5d80000, 0x0000000100000000)
  eden space 6144K, 99% used [0x00000000d5580000,0x00000000d5b7fef0,0x00000000d5b80000)
  from space 512K, 37% used [0x00000000d5c80000,0x00000000d5cb0000,0x00000000d5d00000)
  to   space 512K, 0% used [0x00000000d5d00000,0x00000000d5d00000,0x00000000d5d80000)
 ParOldGen       total 1283584K, used 1283507K [0x0000000080000000, 0x00000000ce580000, 0x00000000d5580000)
  object space 1283584K, 99% used [0x0000000080000000,0x00000000ce56cf50,0x00000000ce580000)
 Metaspace       used 81423K, committed 83008K, reserved 1179648K
  class space    used 8044K, committed 8768K, reserved 1048576K
}
Event: 14794.811 GC heap after
{Heap after GC invocations=3407 (full 5):
 PSYoungGen      total 6656K, used 256K [0x00000000d5580000, 0x00000000d5d80000, 0x0000000100000000)
  eden space 6144K, 0% used [0x00000000d5580000,0x00000000d5580000,0x00000000d5b80000)
  from space 512K, 50% used [0x00000000d5d00000,0x00000000d5d40000,0x00000000d5d80000)
  to   space 512K, 0% used [0x00000000d5c80000,0x00000000d5c80000,0x00000000d5d00000)
 ParOldGen       total 1283584K, used 1283539K [0x0000000080000000, 0x00000000ce580000, 0x00000000d5580000)
  object space 1283584K, 99% used [0x0000000080000000,0x00000000ce574f50,0x00000000ce580000)
 Metaspace       used 81423K, committed 83008K, reserved 1179648K
  class space    used 8044K, committed 8768K, reserved 1048576K
}
Event: 14799.631 GC heap before
{Heap before GC invocations=3408 (full 5):
 PSYoungGen      total 6656K, used 6400K [0x00000000d5580000, 0x00000000d5d80000, 0x0000000100000000)
  eden space 6144K, 100% used [0x00000000d5580000,0x00000000d5b80000,0x00000000d5b80000)
  from space 512K, 50% used [0x00000000d5d00000,0x00000000d5d40000,0x00000000d5d80000)
  to   space 512K, 0% used [0x00000000d5c80000,0x00000000d5c80000,0x00000000d5d00000)
 ParOldGen       total 1283584K, used 1283539K [0x0000000080000000, 0x00000000ce580000, 0x00000000d5580000)
  object space 1283584K, 99% used [0x0000000080000000,0x00000000ce574f50,0x00000000ce580000)
 Metaspace       used 81425K, committed 83008K, reserved 1179648K
  class space    used 8044K, committed 8768K, reserved 1048576K
}
Event: 14799.637 GC heap after
{Heap after GC invocations=3408 (full 5):
 PSYoungGen      total 6656K, used 224K [0x00000000d5580000, 0x00000000d5d80000, 0x0000000100000000)
  eden space 6144K, 0% used [0x00000000d5580000,0x00000000d5580000,0x00000000d5b80000)
  from space 512K, 43% used [0x00000000d5c80000,0x00000000d5cb8000,0x00000000d5d00000)
  to   space 512K, 0% used [0x00000000d5d00000,0x00000000d5d00000,0x00000000d5d80000)
 ParOldGen       total 1284096K, used 1283603K [0x0000000080000000, 0x00000000ce600000, 0x00000000d5580000)
  object space 1284096K, 99% used [0x0000000080000000,0x00000000ce584f50,0x00000000ce600000)
 Metaspace       used 81425K, committed 83008K, reserved 1179648K
  class space    used 8044K, committed 8768K, reserved 1048576K
}

Dll operation events (12 events):
Event: 0.464 Loaded shared library c:\Users\panja\.antigravity-ide\extensions\redhat.java-1.55.0-win32-x64\jre\21.0.11-win32-x86_64\bin\java.dll
Event: 0.749 Loaded shared library c:\Users\panja\.antigravity-ide\extensions\redhat.java-1.55.0-win32-x64\jre\21.0.11-win32-x86_64\bin\zip.dll
Event: 0.803 Loaded shared library C:\Users\panja\.antigravity-ide\extensions\redhat.java-1.55.0-win32-x64\jre\21.0.11-win32-x86_64\bin\instrument.dll
Event: 0.921 Loaded shared library C:\Users\panja\.antigravity-ide\extensions\redhat.java-1.55.0-win32-x64\jre\21.0.11-win32-x86_64\bin\net.dll
Event: 1.040 Loaded shared library C:\Users\panja\.antigravity-ide\extensions\redhat.java-1.55.0-win32-x64\jre\21.0.11-win32-x86_64\bin\nio.dll
Event: 1.048 Loaded shared library C:\Users\panja\.antigravity-ide\extensions\redhat.java-1.55.0-win32-x64\jre\21.0.11-win32-x86_64\bin\zip.dll
Event: 1.093 Loaded shared library C:\Users\panja\.antigravity-ide\extensions\redhat.java-1.55.0-win32-x64\jre\21.0.11-win32-x86_64\bin\jimage.dll
Event: 1.331 Loaded shared library c:\Users\panja\.antigravity-ide\extensions\redhat.java-1.55.0-win32-x64\jre\21.0.11-win32-x86_64\bin\verify.dll
Event: 43.773 Loaded shared library C:\Users\panja\AppData\Roaming\Antigravity IDE\User\globalStorage\redhat.java\1.55.0\config_win\org.eclipse.equinox.launcher\org.eclipse.equinox.launcher.win32.win32.x86_64_1.3.100.v20260613-0559\eclipse_11924.dll
Event: 130.274 Loaded shared library C:\Users\panja\AppData\Local\Temp\jna-106433172\jna15131316173365718974.dll
Event: 134.195 Loaded shared library C:\Users\panja\.antigravity-ide\extensions\redhat.java-1.55.0-win32-x64\jre\21.0.11-win32-x86_64\bin\sunmscapi.dll
Event: 135.316 Loaded shared library C:\Users\panja\.antigravity-ide\extensions\redhat.java-1.55.0-win32-x64\jre\21.0.11-win32-x86_64\bin\extnet.dll

Deoptimization events (20 events):
Event: 14643.565 Thread 0x000001e693bb5eb0 DEOPT PACKING pc=0x000001e635b5b77c sp=0x000000a05e2fc980
Event: 14643.565 Thread 0x000001e693bb5eb0 DEOPT UNPACKING pc=0x000001e63d094242 sp=0x000000a05e2fbe08 mode 0
Event: 14643.572 Thread 0x000001e693bb5eb0 DEOPT PACKING pc=0x000001e635b5b77c sp=0x000000a05e2fc980
Event: 14643.572 Thread 0x000001e693bb5eb0 DEOPT UNPACKING pc=0x000001e63d094242 sp=0x000000a05e2fbe08 mode 0
Event: 14643.575 Thread 0x000001e693bb5eb0 DEOPT PACKING pc=0x000001e635b5b77c sp=0x000000a05e2fc980
Event: 14643.575 Thread 0x000001e693bb5eb0 DEOPT UNPACKING pc=0x000001e63d094242 sp=0x000000a05e2fbe08 mode 0
Event: 14643.599 Thread 0x000001e693bb5eb0 DEOPT PACKING pc=0x000001e635b5b77c sp=0x000000a05e2fc980
Event: 14643.599 Thread 0x000001e693bb5eb0 DEOPT UNPACKING pc=0x000001e63d094242 sp=0x000000a05e2fbe08 mode 0
Event: 14643.788 Thread 0x000001e693b6ac10 DEOPT PACKING pc=0x000001e6386e873e sp=0x000000a05fffde60
Event: 14643.788 Thread 0x000001e693b6ac10 DEOPT UNPACKING pc=0x000001e63d094242 sp=0x000000a05fffd388 mode 0
Event: 14644.958 Thread 0x000001e693b691d0 Uncommon trap: trap_request=0xffffff45 fr.pc=0x000001e63e776a64 relative=0x00000000000001c4
Event: 14644.958 Thread 0x000001e693b691d0 Uncommon trap: reason=unstable_if action=reinterpret pc=0x000001e63e776a64 method=org.codehaus.plexus.util.xml.pull.MXParser.findFragment(I[CII)I @ 2 c2
Event: 14644.958 Thread 0x000001e693b691d0 DEOPT PACKING pc=0x000001e63e776a64 sp=0x000000a05fcfddd0
Event: 14644.958 Thread 0x000001e693b691d0 DEOPT UNPACKING pc=0x000001e63d093aa2 sp=0x000000a05fcfdd48 mode 2
Event: 14645.090 Thread 0x000001e693bb5eb0 DEOPT PACKING pc=0x000001e635ce8abd sp=0x000000a05e2fbdf0
Event: 14645.090 Thread 0x000001e693bb5eb0 DEOPT UNPACKING pc=0x000001e63d094242 sp=0x000000a05e2fb2f8 mode 0
Event: 14645.353 Thread 0x000001e693bb5eb0 Uncommon trap: trap_request=0xffffff76 fr.pc=0x000001e63efb8304 relative=0x0000000000000164
Event: 14645.353 Thread 0x000001e693bb5eb0 Uncommon trap: reason=predicate action=maybe_recompile pc=0x000001e63efb8304 method=java.util.Arrays.fill([Ljava/lang/Object;IILjava/lang/Object;)V @ 13 c2
Event: 14645.353 Thread 0x000001e693bb5eb0 DEOPT PACKING pc=0x000001e63efb8304 sp=0x000000a05e2febf0
Event: 14645.353 Thread 0x000001e693bb5eb0 DEOPT UNPACKING pc=0x000001e63d093aa2 sp=0x000000a05e2feba0 mode 2

Classes loaded (20 events):
Event: 2910.955 Loading class java/util/stream/Nodes$AbstractConcNode done
Event: 2910.955 Loading class java/util/stream/Nodes$ConcNode done
Event: 9130.247 Loading class jdk/internal/module/IllegalAccessLogger
Event: 9130.247 Loading class jdk/internal/module/IllegalAccessLogger done
Event: 9142.872 Loading class jdk/internal/module/IllegalAccessLogger
Event: 9142.872 Loading class jdk/internal/module/IllegalAccessLogger done
Event: 9153.285 Loading class jdk/internal/module/IllegalAccessLogger
Event: 9153.285 Loading class jdk/internal/module/IllegalAccessLogger done
Event: 14543.496 Loading class jdk/internal/module/IllegalAccessLogger
Event: 14543.496 Loading class jdk/internal/module/IllegalAccessLogger done
Event: 14547.248 Loading class jdk/internal/module/IllegalAccessLogger
Event: 14547.248 Loading class jdk/internal/module/IllegalAccessLogger done
Event: 14548.988 Loading class jdk/internal/module/IllegalAccessLogger
Event: 14548.988 Loading class jdk/internal/module/IllegalAccessLogger done
Event: 14637.918 Loading class jdk/internal/module/IllegalAccessLogger
Event: 14637.918 Loading class jdk/internal/module/IllegalAccessLogger done
Event: 14640.058 Loading class jdk/internal/module/IllegalAccessLogger
Event: 14640.058 Loading class jdk/internal/module/IllegalAccessLogger done
Event: 14641.878 Loading class jdk/internal/module/IllegalAccessLogger
Event: 14641.878 Loading class jdk/internal/module/IllegalAccessLogger done

Classes unloaded (20 events):
Event: 2281.994 Thread 0x000001e68b7914a0 Unloading class 0x000001e64b006450 'org/apache/maven/shared/filtering/DefaultMavenFileFilter'
Event: 2281.994 Thread 0x000001e68b7914a0 Unloading class 0x000001e64b006200 'org/apache/maven/shared/filtering/BaseFilter'
Event: 2281.994 Thread 0x000001e68b7914a0 Unloading class 0x000001e64b006000 'org/apache/maven/shared/filtering/MavenFileFilter'
Event: 2281.994 Thread 0x000001e68b7914a0 Unloading class 0x000001e64b008d98 'org/apache/maven/shared/filtering/DefaultFilterInfo'
Event: 2281.994 Thread 0x000001e68b7914a0 Unloading class 0x000001e64b008a88 'org/apache/maven/plugins/resources/TestResourcesMojo'
Event: 2281.994 Thread 0x000001e68b7914a0 Unloading class 0x000001e64b008800 'org/apache/maven/plugins/maven_resources_plugin/HelpMojo'
Event: 2281.994 Thread 0x000001e68b7914a0 Unloading class 0x000001e64b00cb10 'org/apache/maven/plugins/resources/CopyResourcesMojo'
Event: 2281.994 Thread 0x000001e68b7914a0 Unloading class 0x000001e64b00c800 'org/apache/maven/plugins/resources/ResourcesMojo'
Event: 2281.994 Thread 0x000001e68b7914a0 Unloading class 0x000001e64b786000 'java/lang/invoke/LambdaForm$MH+0x000001e64b786000'
Event: 2281.994 Thread 0x000001e68b7914a0 Unloading class 0x000001e64b71e000 'java/lang/invoke/LambdaForm$MH+0x000001e64b71e000'
Event: 2281.994 Thread 0x000001e68b7914a0 Unloading class 0x000001e64b71dc00 'java/lang/invoke/LambdaForm$MH+0x000001e64b71dc00'
Event: 2281.994 Thread 0x000001e68b7914a0 Unloading class 0x000001e64b71d000 'java/lang/invoke/LambdaForm$MH+0x000001e64b71d000'
Event: 2281.994 Thread 0x000001e68b7914a0 Unloading class 0x000001e64b71c800 'java/lang/invoke/LambdaForm$MH+0x000001e64b71c800'
Event: 2281.994 Thread 0x000001e68b7914a0 Unloading class 0x000001e64b33e000 'java/lang/invoke/LambdaForm$MH+0x000001e64b33e000'
Event: 2281.994 Thread 0x000001e68b7914a0 Unloading class 0x000001e64b019400 'java/lang/invoke/LambdaForm$MH+0x000001e64b019400'
Event: 2281.994 Thread 0x000001e68b7914a0 Unloading class 0x000001e64b018800 'java/lang/invoke/LambdaForm$MH+0x000001e64b018800'
Event: 2281.994 Thread 0x000001e68b7914a0 Unloading class 0x000001e64b018400 'java/lang/invoke/LambdaForm$MH+0x000001e64b018400'
Event: 2281.994 Thread 0x000001e68b7914a0 Unloading class 0x000001e64b018000 'java/lang/invoke/LambdaForm$MH+0x000001e64b018000'
Event: 2281.994 Thread 0x000001e68b7914a0 Unloading class 0x000001e64b017400 'java/lang/invoke/LambdaForm$MH+0x000001e64b017400'
Event: 2281.994 Thread 0x000001e68b7914a0 Unloading class 0x000001e64b016400 'java/lang/invoke/LambdaForm$MH+0x000001e64b016400'

Classes redefined (0 events):
No events

Internal exceptions (20 events):
Event: 14638.552 Thread 0x000001e693bb9330 Exception <a 'sun/nio/fs/WindowsException'{0x00000000d5961140}> (0x00000000d5961140) 
thrown [s\src\hotspot\share\prims\jni.cpp, line 520]
Event: 14638.554 Thread 0x000001e693bba6e0 Exception <a 'sun/nio/fs/WindowsException'{0x00000000d596a308}> (0x00000000d596a308) 
thrown [s\src\hotspot\share\prims\jni.cpp, line 520]
Event: 14638.556 Thread 0x000001e693bbb400 Exception <a 'sun/nio/fs/WindowsException'{0x00000000d5957530}> (0x00000000d5957530) 
thrown [s\src\hotspot\share\prims\jni.cpp, line 520]
Event: 14638.558 Thread 0x000001e693bb9330 Exception <a 'sun/nio/fs/WindowsException'{0x00000000d5962ae0}> (0x00000000d5962ae0) 
thrown [s\src\hotspot\share\prims\jni.cpp, line 520]
Event: 14638.562 Thread 0x000001e693bbb400 Exception <a 'sun/nio/fs/WindowsException'{0x00000000d59b9068}> (0x00000000d59b9068) 
thrown [s\src\hotspot\share\prims\jni.cpp, line 520]
Event: 14641.291 Thread 0x000001e693b684b0 Exception <a 'sun/nio/fs/WindowsException'{0x00000000d56f6ff0}> (0x00000000d56f6ff0) 
thrown [s\src\hotspot\share\prims\jni.cpp, line 520]
Event: 14641.292 Thread 0x000001e693bbc120 Exception <a 'sun/nio/fs/WindowsException'{0x00000000d56f8608}> (0x00000000d56f8608) 
thrown [s\src\hotspot\share\prims\jni.cpp, line 520]
Event: 14641.293 Thread 0x000001e693bbc120 Exception <a 'sun/nio/fs/WindowsException'{0x00000000d56f95e0}> (0x00000000d56f95e0) 
thrown [s\src\hotspot\share\prims\jni.cpp, line 520]
Event: 14641.893 Thread 0x000001e693b684b0 Exception <a 'sun/nio/fs/WindowsException'{0x00000000d56799f0}> (0x00000000d56799f0) 
thrown [s\src\hotspot\share\prims\jni.cpp, line 520]
Event: 14641.893 Thread 0x000001e693b684b0 Exception <a 'sun/nio/fs/WindowsException'{0x00000000d567a290}> (0x00000000d567a290) 
thrown [s\src\hotspot\share\prims\jni.cpp, line 520]
Event: 14644.725 Thread 0x000001e693bb5eb0 Exception <a 'sun/nio/fs/WindowsException'{0x00000000d592afc8}> (0x00000000d592afc8) 
thrown [s\src\hotspot\share\prims\jni.cpp, line 520]
Event: 14644.725 Thread 0x000001e693bb5eb0 Exception <a 'sun/nio/fs/WindowsException'{0x00000000d592bb18}> (0x00000000d592bb18) 
thrown [s\src\hotspot\share\prims\jni.cpp, line 520]
Event: 14644.727 Thread 0x000001e693bb5eb0 Exception <a 'sun/nio/fs/WindowsException'{0x00000000d5939420}> (0x00000000d5939420) 
thrown [s\src\hotspot\share\prims\jni.cpp, line 520]
Event: 14644.727 Thread 0x000001e693bb5eb0 Exception <a 'sun/nio/fs/WindowsException'{0x00000000d5939f70}> (0x00000000d5939f70) 
thrown [s\src\hotspot\share\prims\jni.cpp, line 520]
Event: 14644.741 Thread 0x000001e693bb5eb0 Exception <a 'sun/nio/fs/WindowsException'{0x00000000d59a6330}> (0x00000000d59a6330) 
thrown [s\src\hotspot\share\prims\jni.cpp, line 520]
Event: 14644.741 Thread 0x000001e693bb5eb0 Exception <a 'sun/nio/fs/WindowsException'{0x00000000d59a6e80}> (0x00000000d59a6e80) 
thrown [s\src\hotspot\share\prims\jni.cpp, line 520]
Event: 14645.341 Thread 0x000001e693bb5eb0 Exception <a 'sun/nio/fs/WindowsException'{0x00000000d57d76b0}> (0x00000000d57d76b0) 
thrown [s\src\hotspot\share\prims\jni.cpp, line 520]
Event: 14645.342 Thread 0x000001e693bb5eb0 Exception <a 'sun/nio/fs/WindowsException'{0x00000000d57d8200}> (0x00000000d57d8200) 
thrown [s\src\hotspot\share\prims\jni.cpp, line 520]
Event: 16462.982 Thread 0x000001e69b46ddd0 Exception <a 'sun/nio/fs/WindowsException'{0x00000000d55da7f8}> (0x00000000d55da7f8) 
thrown [s\src\hotspot\share\prims\jni.cpp, line 520]
Event: 16462.982 Thread 0x000001e69b46ddd0 Exception <a 'sun/nio/fs/WindowsException'{0x00000000d55db258}> (0x00000000d55db258) 
thrown [s\src\hotspot\share\prims\jni.cpp, line 520]

ZGC Phase Switch (0 events):
No events

VM Operations (20 events):
Event: 19853.637 Executing non-safepoint VM operation: HandshakeAllThreads (HandshakeForDeflation)
Event: 19853.637 Executing non-safepoint VM operation: HandshakeAllThreads (HandshakeForDeflation) done
Event: 19853.637 Executing non-safepoint VM operation: RendezvousGCThreads
Event: 19853.637 Executing non-safepoint VM operation: RendezvousGCThreads done
Event: 19913.675 Executing non-safepoint VM operation: HandshakeAllThreads (HandshakeForDeflation)
Event: 19913.675 Executing non-safepoint VM operation: HandshakeAllThreads (HandshakeForDeflation) done
Event: 19913.675 Executing non-safepoint VM operation: RendezvousGCThreads
Event: 19913.675 Executing non-safepoint VM operation: RendezvousGCThreads done
Event: 22984.226 Executing non-safepoint VM operation: HandshakeAllThreads (HandshakeForDeflation)
Event: 22984.226 Executing non-safepoint VM operation: HandshakeAllThreads (HandshakeForDeflation) done
Event: 22984.226 Executing non-safepoint VM operation: RendezvousGCThreads
Event: 22984.226 Executing non-safepoint VM operation: RendezvousGCThreads done
Event: 23044.250 Executing non-safepoint VM operation: HandshakeAllThreads (HandshakeForDeflation)
Event: 23044.250 Executing non-safepoint VM operation: HandshakeAllThreads (HandshakeForDeflation) done
Event: 23044.250 Executing non-safepoint VM operation: RendezvousGCThreads
Event: 23044.250 Executing non-safepoint VM operation: RendezvousGCThreads done
Event: 23224.431 Executing non-safepoint VM operation: HandshakeAllThreads (HandshakeForDeflation)
Event: 23224.431 Executing non-safepoint VM operation: HandshakeAllThreads (HandshakeForDeflation) done
Event: 23224.431 Executing non-safepoint VM operation: RendezvousGCThreads
Event: 23224.431 Executing non-safepoint VM operation: RendezvousGCThreads done

Memory protections (0 events):
No events

Nmethod flushes (20 events):
Event: 2282.092 Thread 0x000001e68b7914a0 flushing  nmethod 0x000001e637c4f410
Event: 2282.092 Thread 0x000001e68b7914a0 flushing  nmethod 0x000001e637c5e310
Event: 2282.092 Thread 0x000001e68b7914a0 flushing  nmethod 0x000001e637c61110
Event: 2282.092 Thread 0x000001e68b7914a0 flushing  nmethod 0x000001e637c8af10
Event: 2282.092 Thread 0x000001e68b7914a0 flushing  nmethod 0x000001e637c92310
Event: 2282.092 Thread 0x000001e68b7914a0 flushing  nmethod 0x000001e637c9b090
Event: 2282.092 Thread 0x000001e68b7914a0 flushing  nmethod 0x000001e637cd6790
Event: 2282.092 Thread 0x000001e68b7914a0 flushing  nmethod 0x000001e637ce7310
Event: 2282.092 Thread 0x000001e68b7914a0 flushing  nmethod 0x000001e637d7b210
Event: 2282.092 Thread 0x000001e68b7914a0 flushing  nmethod 0x000001e637dcc510
Event: 2282.092 Thread 0x000001e68b7914a0 flushing  nmethod 0x000001e637dd8310
Event: 2282.092 Thread 0x000001e68b7914a0 flushing  nmethod 0x000001e637dda390
Event: 2282.092 Thread 0x000001e68b7914a0 flushing  nmethod 0x000001e637e79190
Event: 2282.092 Thread 0x000001e68b7914a0 flushing  nmethod 0x000001e637e81f10
Event: 2282.092 Thread 0x000001e68b7914a0 flushing  nmethod 0x000001e637e9ff90
Event: 2282.092 Thread 0x000001e68b7914a0 flushing  nmethod 0x000001e637ea5c10
Event: 2282.092 Thread 0x000001e68b7914a0 flushing  nmethod 0x000001e638731b90
Event: 2282.092 Thread 0x000001e68b7914a0 flushing  nmethod 0x000001e638732090
Event: 2282.092 Thread 0x000001e68b7914a0 flushing  nmethod 0x000001e638732510
Event: 2282.092 Thread 0x000001e68b7914a0 flushing  nmethod 0x000001e63873b090

Events (20 events):
Event: 16562.710 Thread 0x000001e693f99b50 Thread exited: 0x000001e693f99b50
Event: 16562.757 Thread 0x000001e693f98e30 Thread exited: 0x000001e693f98e30
Event: 16562.757 Thread 0x000001e693f966d0 Thread exited: 0x000001e693f966d0
Event: 16562.757 Thread 0x000001e693f96d60 Thread exited: 0x000001e693f96d60
Event: 16562.788 Thread 0x000001e693f94c90 Thread exited: 0x000001e693f94c90
Event: 16562.804 Thread 0x000001e693f987a0 Thread exited: 0x000001e693f987a0
Event: 16562.834 Thread 0x000001e693f96040 Thread exited: 0x000001e693f96040
Event: 16562.834 Thread 0x000001e693f959b0 Thread exited: 0x000001e693f959b0
Event: 16562.834 Thread 0x000001e693f98110 Thread exited: 0x000001e693f98110
Event: 16562.881 Thread 0x000001e69b472600 Thread exited: 0x000001e69b472600
Event: 16562.896 Thread 0x000001e693bbba90 Thread exited: 0x000001e693bbba90
Event: 16563.457 Thread 0x000001e693f9a1e0 Thread exited: 0x000001e693f9a1e0
Event: 16583.120 Thread 0x000001e693b67790 Thread exited: 0x000001e693b67790
Event: 16622.910 Thread 0x000001e693b69860 Thread exited: 0x000001e693b69860
Event: 16682.923 Thread 0x000001e693bb8ca0 Thread exited: 0x000001e693bb8ca0
Event: 16742.937 Thread 0x000001e693bba6e0 Thread exited: 0x000001e693bba6e0
Event: 16802.952 Thread 0x000001e693bb5190 Thread exited: 0x000001e693bb5190
Event: 16862.966 Thread 0x000001e693bb6bd0 Thread exited: 0x000001e693bb6bd0
Event: 16922.968 Thread 0x000001e693bb9330 Thread exited: 0x000001e693bb9330
Event: 16982.980 Thread 0x000001e693bbb400 Thread exited: 0x000001e693bbb400


Dynamic libraries:
0x00007ff7f56a0000 - 0x00007ff7f56ae000 	c:\Users\panja\.antigravity-ide\extensions\redhat.java-1.55.0-win32-x64\jre\21.0.11-win32-x86_64\bin\java.exe
0x00007ffd3b500000 - 0x00007ffd3b766000 	C:\WINDOWS\SYSTEM32\ntdll.dll
0x00007ffd3a8b0000 - 0x00007ffd3a979000 	C:\WINDOWS\System32\KERNEL32.DLL
0x00007ffd388a0000 - 0x00007ffd38c9f000 	C:\WINDOWS\System32\KERNELBASE.dll
0x00007ffd38f50000 - 0x00007ffd3909c000 	C:\WINDOWS\System32\ucrtbase.dll
0x00007ffd2cf90000 - 0x00007ffd2cfae000 	c:\Users\panja\.antigravity-ide\extensions\redhat.java-1.55.0-win32-x64\jre\21.0.11-win32-x86_64\bin\VCRUNTIME140.dll
0x00007ffd2caf0000 - 0x00007ffd2cb08000 	c:\Users\panja\.antigravity-ide\extensions\redhat.java-1.55.0-win32-x64\jre\21.0.11-win32-x86_64\bin\jli.dll
0x00007ffd3aad0000 - 0x00007ffd3ac96000 	C:\WINDOWS\System32\USER32.dll
0x00007ffd39170000 - 0x00007ffd39197000 	C:\WINDOWS\System32\win32u.dll
0x00007ffd3a390000 - 0x00007ffd3a3bb000 	C:\WINDOWS\System32\GDI32.dll
0x00007ffd38cb0000 - 0x00007ffd38dd9000 	C:\WINDOWS\System32\gdi32full.dll
0x00007ffd38ea0000 - 0x00007ffd38f43000 	C:\WINDOWS\System32\msvcp_win.dll
0x00007ffd12070000 - 0x00007ffd12301000 	C:\WINDOWS\WinSxS\amd64_microsoft.windows.common-controls_6595b64144ccf1df_6.0.26100.8972_none_3e0da176e32f9d4b\COMCTL32.dll
0x00007ffd3aca0000 - 0x00007ffd3ad49000 	C:\WINDOWS\System32\msvcrt.dll
0x00007ffd39df0000 - 0x00007ffd39e22000 	C:\WINDOWS\System32\IMM32.DLL
0x00007ffd32740000 - 0x00007ffd3274c000 	c:\Users\panja\.antigravity-ide\extensions\redhat.java-1.55.0-win32-x64\jre\21.0.11-win32-x86_64\bin\vcruntime140_1.dll
0x00007ffcc47d0000 - 0x00007ffcc485d000 	c:\Users\panja\.antigravity-ide\extensions\redhat.java-1.55.0-win32-x64\jre\21.0.11-win32-x86_64\bin\msvcp140.dll
0x00007ffc7df70000 - 0x00007ffc7ed12000 	c:\Users\panja\.antigravity-ide\extensions\redhat.java-1.55.0-win32-x64\jre\21.0.11-win32-x86_64\bin\server\jvm.dll
0x00007ffd3a750000 - 0x00007ffd3a80c000 	C:\WINDOWS\System32\ADVAPI32.dll
0x00007ffd39230000 - 0x00007ffd392da000 	C:\WINDOWS\System32\sechost.dll
0x00007ffd3a9b0000 - 0x00007ffd3aac8000 	C:\WINDOWS\System32\RPCRT4.dll
0x00007ffd3a190000 - 0x00007ffd3a212000 	C:\WINDOWS\System32\WS2_32.dll
0x00007ffd23e80000 - 0x00007ffd23eb6000 	C:\WINDOWS\SYSTEM32\WINMM.dll
0x00007ffd37ec0000 - 0x00007ffd37f1e000 	C:\WINDOWS\SYSTEM32\POWRPROF.dll
0x00007ffd2c1d0000 - 0x00007ffd2c1db000 	C:\WINDOWS\SYSTEM32\VERSION.dll
0x00007ffd37ea0000 - 0x00007ffd37eb5000 	C:\WINDOWS\SYSTEM32\UMPDC.dll
0x00007ffd37400000 - 0x00007ffd3741b000 	C:\WINDOWS\SYSTEM32\kernel.appcore.dll
0x00007ffd2da60000 - 0x00007ffd2da6a000 	c:\Users\panja\.antigravity-ide\extensions\redhat.java-1.55.0-win32-x64\jre\21.0.11-win32-x86_64\bin\jimage.dll
0x00007ffd35cc0000 - 0x00007ffd35f02000 	C:\WINDOWS\SYSTEM32\DBGHELP.DLL
0x00007ffd3a3c0000 - 0x00007ffd3a745000 	C:\WINDOWS\System32\combase.dll
0x00007ffd39a70000 - 0x00007ffd39b49000 	C:\WINDOWS\System32\OLEAUT32.dll
0x00007ffd0ca00000 - 0x00007ffd0ca3b000 	C:\WINDOWS\SYSTEM32\dbgcore.DLL
0x00007ffd38de0000 - 0x00007ffd38e8c000 	C:\WINDOWS\System32\bcryptPrimitives.dll
0x00007ffd2cf50000 - 0x00007ffd2cf5f000 	c:\Users\panja\.antigravity-ide\extensions\redhat.java-1.55.0-win32-x64\jre\21.0.11-win32-x86_64\bin\instrument.dll
0x00007ffd2cab0000 - 0x00007ffd2cad0000 	c:\Users\panja\.antigravity-ide\extensions\redhat.java-1.55.0-win32-x64\jre\21.0.11-win32-x86_64\bin\java.dll
0x00007ffd392e0000 - 0x00007ffd39a68000 	C:\WINDOWS\System32\SHELL32.dll
0x00007ffd36190000 - 0x00007ffd36a2b000 	C:\WINDOWS\SYSTEM32\windows.storage.dll
0x00007ffd3a080000 - 0x00007ffd3a179000 	C:\WINDOWS\System32\SHCORE.dll
0x00007ffd3a010000 - 0x00007ffd3a076000 	C:\WINDOWS\System32\shlwapi.dll
0x00007ffd38630000 - 0x00007ffd38659000 	C:\WINDOWS\SYSTEM32\profapi.dll
0x00007ffd2cad0000 - 0x00007ffd2cae8000 	c:\Users\panja\.antigravity-ide\extensions\redhat.java-1.55.0-win32-x64\jre\21.0.11-win32-x86_64\bin\zip.dll
0x00007ffd2ca20000 - 0x00007ffd2ca30000 	C:\Users\panja\.antigravity-ide\extensions\redhat.java-1.55.0-win32-x64\jre\21.0.11-win32-x86_64\bin\net.dll
0x00007ffd2ebd0000 - 0x00007ffd2ecf8000 	C:\WINDOWS\SYSTEM32\WINHTTP.dll
0x00007ffd379b0000 - 0x00007ffd37a1c000 	C:\WINDOWS\system32\mswsock.dll
0x00007ffd2ca00000 - 0x00007ffd2ca16000 	C:\Users\panja\.antigravity-ide\extensions\redhat.java-1.55.0-win32-x64\jre\21.0.11-win32-x86_64\bin\nio.dll
0x00007ffd2c810000 - 0x00007ffd2c820000 	c:\Users\panja\.antigravity-ide\extensions\redhat.java-1.55.0-win32-x64\jre\21.0.11-win32-x86_64\bin\verify.dll
0x00007ffced3a0000 - 0x00007ffced3e5000 	C:\Users\panja\AppData\Roaming\Antigravity IDE\User\globalStorage\redhat.java\1.55.0\config_win\org.eclipse.equinox.launcher\org.eclipse.equinox.launcher.win32.win32.x86_64_1.3.100.v20260613-0559\eclipse_11924.dll
0x00007ffd39b50000 - 0x00007ffd39ce9000 	C:\WINDOWS\System32\ole32.dll
0x00007ffd37d30000 - 0x00007ffd37d4b000 	C:\WINDOWS\SYSTEM32\CRYPTSP.dll
0x00007ffd37360000 - 0x00007ffd37399000 	C:\WINDOWS\system32\rsaenh.dll
0x00007ffd37a60000 - 0x00007ffd37a92000 	C:\WINDOWS\SYSTEM32\USERENV.dll
0x00007ffd38600000 - 0x00007ffd3862a000 	C:\WINDOWS\SYSTEM32\bcrypt.dll
0x00007ffd37d10000 - 0x00007ffd37d1c000 	C:\WINDOWS\SYSTEM32\CRYPTBASE.dll
0x00007ffd36de0000 - 0x00007ffd36e13000 	C:\WINDOWS\SYSTEM32\IPHLPAPI.DLL
0x00007ffd3a980000 - 0x00007ffd3a98a000 	C:\WINDOWS\System32\NSI.dll
0x00007ffce0bf0000 - 0x00007ffce0c39000 	C:\Users\panja\AppData\Local\Temp\jna-106433172\jna15131316173365718974.dll
0x00007ffd3a180000 - 0x00007ffd3a188000 	C:\WINDOWS\System32\PSAPI.DLL
0x00007ffd2ed00000 - 0x00007ffd2ed1d000 	C:\WINDOWS\SYSTEM32\dhcpcsvc6.DLL
0x00007ffd2eba0000 - 0x00007ffd2ebc5000 	C:\WINDOWS\SYSTEM32\dhcpcsvc.DLL
0x00007ffd26a20000 - 0x00007ffd26a2e000 	C:\Users\panja\.antigravity-ide\extensions\redhat.java-1.55.0-win32-x64\jre\21.0.11-win32-x86_64\bin\sunmscapi.dll
0x00007ffd38710000 - 0x00007ffd3888e000 	C:\WINDOWS\System32\CRYPT32.dll
0x00007ffd38000000 - 0x00007ffd38030000 	C:\WINDOWS\SYSTEM32\ncrypt.dll
0x00007ffd37fb0000 - 0x00007ffd37fef000 	C:\WINDOWS\SYSTEM32\NTASN1.dll
0x00007ffd36e80000 - 0x00007ffd36fd8000 	C:\WINDOWS\SYSTEM32\DNSAPI.dll
0x00007ffd37790000 - 0x00007ffd3779d000 	C:\WINDOWS\SYSTEM32\DSPARSE.dll
0x00007ffd2d600000 - 0x00007ffd2d60b000 	C:\Windows\System32\rasadhlp.dll
0x00007ffd2ee60000 - 0x00007ffd2eee6000 	C:\WINDOWS\System32\fwpuclnt.dll
0x00007ffd165f0000 - 0x00007ffd165f9000 	C:\Users\panja\.antigravity-ide\extensions\redhat.java-1.55.0-win32-x64\jre\21.0.11-win32-x86_64\bin\extnet.dll

JVMTI agents:
c:\Users\panja\.antigravity-ide\extensions\redhat.java-1.55.0-win32-x64\lombok\lombok-1.18.39-4050.jar path:c:\Users\panja\.antigravity-ide\extensions\redhat.java-1.55.0-win32-x64\jre\21.0.11-win32-x86_64\bin\instrument.dll, loaded, initialized, instrumentlib options:none

dbghelp: loaded successfully - version: 4.0.5 - missing functions: none
symbol engine: initialized successfully - sym options: 0x614 - pdb path: .;c:\Users\panja\.antigravity-ide\extensions\redhat.java-1.55.0-win32-x64\jre\21.0.11-win32-x86_64\bin;C:\WINDOWS\SYSTEM32;C:\WINDOWS\WinSxS\amd64_microsoft.windows.common-controls_6595b64144ccf1df_6.0.26100.8972_none_3e0da176e32f9d4b;c:\Users\panja\.antigravity-ide\extensions\redhat.java-1.55.0-win32-x64\jre\21.0.11-win32-x86_64\bin\server;C:\Users\panja\AppData\Roaming\Antigravity IDE\User\globalStorage\redhat.java\1.55.0\config_win\org.eclipse.equinox.launcher\org.eclipse.equinox.launcher.win32.win32.x86_64_1.3.100.v20260613-0559;C:\Users\panja\AppData\Local\Temp\jna-106433172

VM Arguments:
jvm_args: --add-modules=ALL-SYSTEM --add-opens=java.base/java.util=ALL-UNNAMED --add-opens=java.base/java.lang=ALL-UNNAMED --add-opens=java.base/sun.nio.fs=ALL-UNNAMED -Declipse.application=org.eclipse.jdt.ls.core.id1 -Dosgi.bundles.defaultStartLevel=4 -Declipse.product=org.eclipse.jdt.ls.core.product -Djava.import.generatesMetadataFilesAtProjectRoot=false -DDetectVMInstallationsJob.disabled=true -Dfile.encoding=utf8 -XX:+UseParallelGC -XX:GCTimeRatio=4 -XX:AdaptiveSizePolicyWeight=90 -Dsun.zip.disableMemoryMapping=true -Xmx2G -Xms100m -Xlog:disable -javaagent:c:\Users\panja\.antigravity-ide\extensions\redhat.java-1.55.0-win32-x64\lombok\lombok-1.18.39-4050.jar -XX:+HeapDumpOnOutOfMemoryError -XX:HeapDumpPath=c:\Users\panja\AppData\Roaming\Antigravity IDE\User\workspaceStorage\b9d4f3adf3b7efe9c361975d2cd6e2d4\redhat.java -Daether.dependencyCollector.impl=bf 
java_command: c:\Users\panja\.antigravity-ide\extensions\redhat.java-1.55.0-win32-x64\server\plugins\org.eclipse.equinox.launcher_1.7.200.v20260619-2039.jar -configuration c:\Users\panja\AppData\Roaming\Antigravity IDE\User\globalStorage\redhat.java\1.55.0\config_win -data c:\Users\panja\AppData\Roaming\Antigravity IDE\User\workspaceStorage\b9d4f3adf3b7efe9c361975d2cd6e2d4\redhat.java\jdt_ws --pipe=\\.\pipe\lsp-73c7690364f03f2843c62c54ef439fbc-sock
java_class_path (initial): c:\Users\panja\.antigravity-ide\extensions\redhat.java-1.55.0-win32-x64\server\plugins\org.eclipse.equinox.launcher_1.7.200.v20260619-2039.jar
Launcher Type: SUN_STANDARD

[Global flags]
    uintx AdaptiveSizePolicyWeight                 = 90                                        {product} {command line}
     intx CICompilerCount                          = 4                                         {product} {ergonomic}
    uintx GCTimeRatio                              = 4                                         {product} {command line}
     bool HeapDumpOnOutOfMemoryError               = true                                   {manageable} {command line}
    ccstr HeapDumpPath                             = c:\Users\panja\AppData\Roaming\Antigravity IDE\User\workspaceStorage\b9d4f3adf3b7efe9c361975d2cd6e2d4\redhat.java         {manageable} {command line}
   size_t InitialHeapSize                          = 104857600                                 {product} {command line}
   size_t MaxHeapSize                              = 2147483648                                {product} {command line}
   size_t MaxNewSize                               = 715653120                                 {product} {ergonomic}
   size_t MinHeapDeltaBytes                        = 524288                                    {product} {ergonomic}
   size_t MinHeapSize                              = 104857600                                 {product} {command line}
   size_t NewSize                                  = 34603008                                  {product} {ergonomic}
    uintx NonNMethodCodeHeapSize                   = 5839372                                {pd product} {ergonomic}
    uintx NonProfiledCodeHeapSize                  = 122909434                              {pd product} {ergonomic}
   size_t OldSize                                  = 70254592                                  {product} {ergonomic}
    uintx ProfiledCodeHeapSize                     = 122909434                              {pd product} {ergonomic}
    uintx ReservedCodeCacheSize                    = 251658240                              {pd product} {ergonomic}
     bool SegmentedCodeCache                       = true                                      {product} {ergonomic}
   size_t SoftMaxHeapSize                          = 2147483648                             {manageable} {ergonomic}
     bool UseCompressedOops                        = true                           {product lp64_product} {ergonomic}
     bool UseLargePagesIndividualAllocation        = false                                  {pd product} {ergonomic}
     bool UseParallelGC                            = true                                      {product} {command line}

Logging:
Log output configuration:
 #0: stdout all=off uptime,level,tags foldmultilines=false
 #1: stderr all=off uptime,level,tags foldmultilines=false

Release file:
JAVA_VERSION="21.0.11" 
MODULES="java.base java.compiler java.datatransfer java.xml java.prefs java.desktop java.instrument java.logging java.management java.security.sasl java.naming java.rmi java.management.rmi java.net.http java.scripting java.security.jgss java.transaction.xa java.sql java.sql.rowset java.xml.crypto java.se java.smartcardio jdk.accessibility jdk.internal.jvmstat jdk.attach jdk.charsets jdk.internal.opt jdk.zipfs jdk.compiler jdk.crypto.ec jdk.crypto.cryptoki jdk.crypto.mscapi jdk.dynalink jdk.internal.ed jdk.editpad jdk.hotspot.agent jdk.httpserver jdk.internal.le jdk.internal.vm.ci jdk.internal.vm.compiler jdk.internal.vm.compiler.management jdk.jartool jdk.javadoc jdk.jcmd jdk.management jdk.management.agent jdk.jconsole jdk.jdeps jdk.jdwp.agent jdk.jdi jdk.jfr jdk.jshell jdk.jsobject jdk.jstatd jdk.localedata jdk.management.jfr jdk.naming.dns jdk.naming.rmi jdk.net jdk.nio.mapmode jdk.random jdk.sctp jdk.security.auth jdk.security.jgss jdk.unsupported jdk.unsupported.desktop jdk.xml.dom" 

Environment Variables:
PATH=C:\Program Files\Common Files\Oracle\Java\javapath;C:\windows\system32;C:\windows;C:\windows\System32\Wbem;C:\windows\System32\WindowsPowerShell\v1.0\;C:\windows\System32\OpenSSH\;C:\Program Files (x86)\NVIDIA Corporation\PhysX\Common;C:\Program Files\NVIDIA Corporation\NVIDIA NvDLISR;C:\Users\Administrator\AppData\Local\Microsoft\WindowsApps;C:\Program Files\HP\OMEN-Broadcast\Common;C:\Program Files (x86)\Windows Kits\10\Windows Performance Toolkit\;C:\Program Files\dotnet\;C:\WINDOWS\system32;C:\WINDOWS;C:\WINDOWS\System32\Wbem;C:\WINDOWS\System32\WindowsPowerShell\v1.0\;C:\WINDOWS\System32\OpenSSH\;C:\MinGW\bin;C:\Program Files\nodejs\;C:\Program Files\Java\jdk-25\bin;C:\Program Files\MongoDB\Server\8.2\bin;C:\Program Files\Git\cmd;C:\Users\panja\AppData\Local\Programs\Python\Python312\Scripts\;C:\Users\panja\AppData\Local\Programs\Python\Python312\;C:\Users\panja\AppData\Local\Microsoft\WindowsApps;C:\Users\panja\AppData\Local\Programs\Microsoft VS Code\bin;C:\Users\panja\AppData\Roaming\npm;C:\Users\panja\AppData\Local\Programs\Antigravity\bin;C:\Users\panja\AppData\Local\Programs\mongosh\;C:\Users\panja\AppData\Local\Programs\Antigravity IDE\bin
USERNAME=panja
OS=Windows_NT
PROCESSOR_IDENTIFIER=Intel64 Family 6 Model 186 Stepping 2, GenuineIntel
TMP=C:\Users\panja\AppData\Local\Temp
TEMP=C:\Users\panja\AppData\Local\Temp




Periodic native trim disabled

---------------  S Y S T E M  ---------------

OS:
 Windows 11 , 64 bit Build 26100 (10.0.26100.9168)
OS uptime: 1 days 11:51 hours
Hyper-V role detected

CPU: total 12 (initial active 12) (6 cores per cpu, 2 threads per core) family 6 model 186 stepping 2 microcode 0x4122, cx8, cmov, fxsr, ht, mmx, 3dnowpref, sse, sse2, sse3, ssse3, sse4.1, sse4.2, popcnt, lzcnt, tsc, tscinvbit, avx, avx2, aes, erms, clmul, bmi1, bmi2, adx, sha, fma, vzeroupper, clflush, clflushopt, clwb, hv, serialize, rdtscp, rdpid, fsrm, f16c, cet_ibt, cet_ss
Processor Information for processor 0
  Max Mhz: 2100, Current Mhz: 1453, Mhz Limit: 2100
Processor Information for processor 1
  Max Mhz: 2100, Current Mhz: 1453, Mhz Limit: 2100
Processor Information for processor 2
  Max Mhz: 2100, Current Mhz: 1453, Mhz Limit: 2100
Processor Information for processor 3
  Max Mhz: 2100, Current Mhz: 1453, Mhz Limit: 2100
Processor Information for processor 4
  Max Mhz: 2100, Current Mhz: 1453, Mhz Limit: 2100
Processor Information for processor 5
  Max Mhz: 2100, Current Mhz: 1453, Mhz Limit: 2100
Processor Information for processor 6
  Max Mhz: 2100, Current Mhz: 1453, Mhz Limit: 2100
Processor Information for processor 7
  Max Mhz: 2100, Current Mhz: 1453, Mhz Limit: 2100
Processor Information for processor 8
  Max Mhz: 2100, Current Mhz: 1540, Mhz Limit: 2100
Processor Information for processor 9
  Max Mhz: 2100, Current Mhz: 1540, Mhz Limit: 2100
Processor Information for processor 10
  Max Mhz: 2100, Current Mhz: 1540, Mhz Limit: 2100
Processor Information for processor 11
  Max Mhz: 2100, Current Mhz: 1540, Mhz Limit: 2100

Memory: 4k page, system-wide physical 16024M (1197M free)
TotalPageFile size 28856M (AvailPageFile size 90M)
current process WorkingSet (physical memory assigned to process): 37M, peak: 1169M
current process commit charge ("private bytes"): 1620M, peak: 1669M

vm_info: OpenJDK 64-Bit Server VM (21.0.11+10-LTS) for windows-amd64 JRE (21.0.11+10-LTS), built on 2026-04-21T00:00:00Z by "admin" with MS VC++ 17.12 (VS2022)

END.
